ok - watcher-carried status append publishes the real home summary
ok - large backlog snapshots and home-summary publication stay within exec limits
ok - fleet snapshot transport does not require or mutate operational state
ok - parent snapshot consumes large child ledgers without argument transport
ok - live watcher cadence bounds publication staleness without signals
ok - fleet snapshot consumes the published local ledger by default
ok - writer kill and replacement preserve an atomic JSON ledger
ok - best-effort publication logs and continues
Terminated: 15
ok - best-effort refresh bounds publication lock acquisition
ok - best-effort refresh bounds validation and publication
ok - best-effort refresh bounds state initialization
ok - best-effort refresh logs worker termination
ok - best-effort refresh bounds failure reporting fallback
ok - valid publication ignores an unavailable failure record
ok - publication completes on a home carrying accumulated status history
ok - producer skips remote per-task state probes
ok - a stalled publication does not delay the watcher liveness beacon
not ok - the first restart watcher did not surface its actionable signal
tests/lib.sh: line 179: 41869 Killed: 9               FM_ROOT_OVERRIDE="$ROOT" FM_HOME="$RESTART_HOME" bash -c '
  . "$1/bin/fm-wake-lib.sh"
  fm_lock_acquire_wait "$2/state/.home-summary-refresh.lock"
  : > "$3"
  sleep 30
' _ "$ROOT" "$RESTART_HOME" "$RESTART_LOCK_MARKER"
tests/lib.sh: line 179: 43146 Killed: 9               PATH="$FAKEBIN:$PATH" FM_ROOT_OVERRIDE="$ROOT" FM_HOME="$RESTART_HOME" FM_POLL=1 FM_HOME_SUMMARY_INTERVAL=999999 FM_HOME_SUMMARY_TIMEOUT=2 FM_SIGNAL_GRACE=0 FM_CHECK_INTERVAL=9999999 FM_HEARTBEAT=9999999 "$WATCH" > "$TMP_ROOT/restart-watch-one.out" 2> "$TMP_ROOT/restart-watch-one.err"
