ok - context digest distinguishes ABSENT, empty-but-present, and populated files
ok - a lock refusal prints a loud read-only banner, skips every mutating step, and still completes the digest
ok - session start stays read-only when lock ownership cannot be published
ok - locked session start freezes trace context and lock refusal leaves it unchanged
ok - concurrent session-lock acquisition admits exactly one live harness
ok - digest sections are ordered safety-preamble first, live fleet state before curated memory
ok - the read-once contract is stated once, ahead of the sources it governs
ok - session start: configured and auto-detected Herdr homes never require tmux
ok - session start: an absent recorded tmux window relaunches its Pi secondmate exactly once, off the blocking path
ok - session start: a deferred relaunch is always reported, so the digest's stale endpoint record cannot stand
ok - session start: inactive reconciliation runs after the digest and retains its durable wake
ok - session start: an unreachable host delays a reported check, not the digest
ok - session start: a deferred result the digest outran still reaches the agent as a wake
ok - session start: a read-only session declares its skipped network checks rather than dropping them
ok - session start: the tasks-axi compatibility verdict is computed once and reused
ok - session start: an existing ambiguous Pi process prevents duplicate recovery
ok - session start: transient tmux unreadability never licenses a relaunch
ok - session start: the proven bare-shell recovery path remains intact
ok - session start: a confirmed Herdr husk is closed and relaunched
ok - status tail is bounded to the configured line count, with the full log path always printed
ok - status tail lines are capped with a truncation marker while the full log stays reachable
ok - orphan status logs are printed once with bounded tails
ok - tmux endpoint liveness is reported per task: alive for a live window, dead for a gone one
ok - herdr endpoint liveness is reported per task: alive, dead for exit 1, dead for any other probe status
skip: /proc not readable (the read-death shape needs process ancestry)
not ok - the per-task read bound left 1 hung herdr process(es) behind
